// Jest Snapshot v1, https://goo.gl/fbAQLP

exports[`<Header/> matches the snapshot 1`] = `
<StyledHeader>
  <H1>
    Star Wars
    <small>
      Characters
    </small>
  </H1>
</StyledHeader>
`;
